169.254.106.104 - - [07/Dec/2020:21:42:34 +0800] "GET /nacos/v1/cs/communication/dataChange?dataId=gulimall-coupon&group=prod&tenant=e4d7b804-52de-4b5f-bf7d-95ca4b85f3d1 HTTP/1.1" 200 14 4 Apache-HttpAsyncClient/4.1.3 (Java/1.8.0_231)
127.0.0.1 - - [07/Dec/2020:21:42:37 +0800] "GET /nacos/v1/cs/configs?search=accurate&dataId=&group=&appName=&config_tags=&pageNo=1&pageSize=10&tenant=e4d7b804-52de-4b5f-bf7d-95ca4b85f3d1&namespaceId=e4d7b804-52de-4b5f-bf7d-95ca4b85f3d1 HTTP/1.1" 200 389 6 Mozilla/5.0 (Windows NT 10.0; Win64; x64) AppleWebKit/537.36 (KHTML, like Gecko) Chrome/87.0.4280.88 Safari/537.36
169.254.106.104 - - [07/Dec/2020:21:42:37 +0800] "GET /nacos/v1/cs/health HTTP/1.1" 200 2 2 Apache-HttpAsyncClient/4.1.3 (Java/1.8.0_231)
169.254.106.104 - - [07/Dec/2020:21:42:42 +0800] "GET /nacos/v1/cs/health HTTP/1.1" 200 2 4 Apache-HttpAsyncClient/4.1.3 (Java/1.8.0_231)
169.254.106.104 - - [07/Dec/2020:21:42:47 +0800] "GET /nacos/v1/cs/health HTTP/1.1" 200 2 2 Apache-HttpAsyncClient/4.1.3 (Java/1.8.0_231)
169.254.106.104 - - [07/Dec/2020:21:42:52 +0800] "GET /nacos/v1/cs/health HTTP/1.1" 200 2 1 Apache-HttpAsyncClient/4.1.3 (Java/1.8.0_231)
169.254.106.104 - - [07/Dec/2020:21:42:57 +0800] "GET /nacos/v1/cs/health HTTP/1.1" 200 2 4 Apache-HttpAsyncClient/4.1.3 (Java/1.8.0_231)
169.254.106.104 - - [07/Dec/2020:21:43:02 +0800] "GET /nacos/v1/cs/health HTTP/1.1" 200 2 4 Apache-HttpAsyncClient/4.1.3 (Java/1.8.0_231)
169.254.106.104 - - [07/Dec/2020:21:43:07 +0800] "GET /nacos/v1/cs/health HTTP/1.1" 200 2 4 Apache-HttpAsyncClient/4.1.3 (Java/1.8.0_231)
169.254.106.104 - - [07/Dec/2020:21:43:12 +0800] "GET /nacos/v1/cs/health HTTP/1.1" 200 2 1 Apache-HttpAsyncClient/4.1.3 (Java/1.8.0_231)
169.254.106.104 - - [07/Dec/2020:21:43:17 +0800] "GET /nacos/v1/cs/health HTTP/1.1" 200 2 2 Apache-HttpAsyncClient/4.1.3 (Java/1.8.0_231)
169.254.106.104 - - [07/Dec/2020:21:43:22 +0800] "GET /nacos/v1/cs/health HTTP/1.1" 200 2 4 Apache-HttpAsyncClient/4.1.3 (Java/1.8.0_231)
169.254.106.104 - - [07/Dec/2020:21:43:27 +0800] "GET /nacos/v1/cs/health HTTP/1.1" 200 2 4 Apache-HttpAsyncClient/4.1.3 (Java/1.8.0_231)
169.254.106.104 - - [07/Dec/2020:21:43:32 +0800] "GET /nacos/v1/cs/health HTTP/1.1" 200 2 4 Apache-HttpAsyncClient/4.1.3 (Java/1.8.0_231)
169.254.106.104 - - [07/Dec/2020:21:43:37 +0800] "GET /nacos/v1/cs/health HTTP/1.1" 200 2 4 Apache-HttpAsyncClient/4.1.3 (Java/1.8.0_231)
169.254.106.104 - - [07/Dec/2020:21:43:42 +0800] "GET /nacos/v1/cs/health HTTP/1.1" 200 2 4 Apache-HttpAsyncClient/4.1.3 (Java/1.8.0_231)
169.254.106.104 - - [07/Dec/2020:21:43:47 +0800] "GET /nacos/v1/cs/health HTTP/1.1" 200 2 2 Apache-HttpAsyncClient/4.1.3 (Java/1.8.0_231)
169.254.106.104 - - [07/Dec/2020:21:43:52 +0800] "GET /nacos/v1/cs/health HTTP/1.1" 200 2 4 Apache-HttpAsyncClient/4.1.3 (Java/1.8.0_231)
169.254.106.104 - - [07/Dec/2020:21:43:57 +0800] "GET /nacos/v1/cs/health HTTP/1.1" 200 2 4 Apache-HttpAsyncClient/4.1.3 (Java/1.8.0_231)
169.254.106.104 - - [07/Dec/2020:21:44:02 +0800] "GET /nacos/v1/cs/health HTTP/1.1" 200 2 2 Apache-HttpAsyncClient/4.1.3 (Java/1.8.0_231)
169.254.106.104 - - [07/Dec/2020:21:44:07 +0800] "GET /nacos/v1/cs/health HTTP/1.1" 200 2 4 Apache-HttpAsyncClient/4.1.3 (Java/1.8.0_231)
169.254.106.104 - - [07/Dec/2020:21:44:12 +0800] "GET /nacos/v1/cs/health HTTP/1.1" 200 2 4 Apache-HttpAsyncClient/4.1.3 (Java/1.8.0_231)
169.254.106.104 - - [07/Dec/2020:21:44:17 +0800] "GET /nacos/v1/cs/health HTTP/1.1" 200 2 5 Apache-HttpAsyncClient/4.1.3 (Java/1.8.0_231)
169.254.106.104 - - [07/Dec/2020:21:44:22 +0800] "GET /nacos/v1/cs/health HTTP/1.1" 200 2 4 Apache-HttpAsyncClient/4.1.3 (Java/1.8.0_231)
169.254.106.104 - - [07/Dec/2020:21:44:27 +0800] "GET /nacos/v1/cs/health HTTP/1.1" 200 2 5 Apache-HttpAsyncClient/4.1.3 (Java/1.8.0_231)
169.254.106.104 - - [07/Dec/2020:21:44:32 +0800] "GET /nacos/v1/cs/health HTTP/1.1" 200 2 4 Apache-HttpAsyncClient/4.1.3 (Java/1.8.0_231)
169.254.106.104 - - [07/Dec/2020:21:44:37 +0800] "GET /nacos/v1/cs/health HTTP/1.1" 200 2 4 Apache-HttpAsyncClient/4.1.3 (Java/1.8.0_231)
169.254.106.104 - - [07/Dec/2020:21:44:42 +0800] "GET /nacos/v1/cs/health HTTP/1.1" 200 2 4 Apache-HttpAsyncClient/4.1.3 (Java/1.8.0_231)
169.254.106.104 - - [07/Dec/2020:21:44:47 +0800] "GET /nacos/v1/cs/health HTTP/1.1" 200 2 3 Apache-HttpAsyncClient/4.1.3 (Java/1.8.0_231)
169.254.106.104 - - [07/Dec/2020:21:44:52 +0800] "GET /nacos/v1/cs/health HTTP/1.1" 200 2 3 Apache-HttpAsyncClient/4.1.3 (Java/1.8.0_231)
169.254.106.104 - - [07/Dec/2020:21:44:57 +0800] "GET /nacos/v1/cs/health HTTP/1.1" 200 2 4 Apache-HttpAsyncClient/4.1.3 (Java/1.8.0_231)
169.254.106.104 - - [07/Dec/2020:21:45:02 +0800] "GET /nacos/v1/cs/health HTTP/1.1" 200 2 4 Apache-HttpAsyncClient/4.1.3 (Java/1.8.0_231)
169.254.106.104 - - [07/Dec/2020:21:45:07 +0800] "GET /nacos/v1/cs/health HTTP/1.1" 200 2 4 Apache-HttpAsyncClient/4.1.3 (Java/1.8.0_231)
169.254.106.104 - - [07/Dec/2020:21:45:12 +0800] "GET /nacos/v1/cs/health HTTP/1.1" 200 2 3 Apache-HttpAsyncClient/4.1.3 (Java/1.8.0_231)
169.254.106.104 - - [07/Dec/2020:21:45:17 +0800] "GET /nacos/v1/cs/health HTTP/1.1" 200 2 5 Apache-HttpAsyncClient/4.1.3 (Java/1.8.0_231)
169.254.106.104 - - [07/Dec/2020:21:45:22 +0800] "GET /nacos/v1/cs/health HTTP/1.1" 200 2 4 Apache-HttpAsyncClient/4.1.3 (Java/1.8.0_231)
169.254.106.104 - - [07/Dec/2020:21:45:27 +0800] "GET /nacos/v1/cs/health HTTP/1.1" 200 2 3 Apache-HttpAsyncClient/4.1.3 (Java/1.8.0_231)
169.254.106.104 - - [07/Dec/2020:21:45:32 +0800] "GET /nacos/v1/cs/health HTTP/1.1" 200 2 4 Apache-HttpAsyncClient/4.1.3 (Java/1.8.0_231)
169.254.106.104 - - [07/Dec/2020:21:45:37 +0800] "GET /nacos/v1/cs/health HTTP/1.1" 200 2 1 Apache-HttpAsyncClient/4.1.3 (Java/1.8.0_231)
169.254.106.104 - - [07/Dec/2020:21:45:42 +0800] "GET /nacos/v1/cs/health HTTP/1.1" 200 2 4 Apache-HttpAsyncClient/4.1.3 (Java/1.8.0_231)
169.254.106.104 - - [07/Dec/2020:21:45:47 +0800] "GET /nacos/v1/cs/health HTTP/1.1" 200 2 2 Apache-HttpAsyncClient/4.1.3 (Java/1.8.0_231)
169.254.106.104 - - [07/Dec/2020:21:45:52 +0800] "GET /nacos/v1/cs/health HTTP/1.1" 200 2 3 Apache-HttpAsyncClient/4.1.3 (Java/1.8.0_231)
169.254.106.104 - - [07/Dec/2020:21:45:57 +0800] "GET /nacos/v1/cs/health HTTP/1.1" 200 2 4 Apache-HttpAsyncClient/4.1.3 (Java/1.8.0_231)
169.254.106.104 - - [07/Dec/2020:21:46:02 +0800] "GET /nacos/v1/cs/health HTTP/1.1" 200 2 3 Apache-HttpAsyncClient/4.1.3 (Java/1.8.0_231)
169.254.106.104 - - [07/Dec/2020:21:46:07 +0800] "GET /nacos/v1/cs/health HTTP/1.1" 200 2 4 Apache-HttpAsyncClient/4.1.3 (Java/1.8.0_231)
169.254.106.104 - - [07/Dec/2020:21:46:12 +0800] "GET /nacos/v1/cs/health HTTP/1.1" 200 2 2 Apache-HttpAsyncClient/4.1.3 (Java/1.8.0_231)
169.254.106.104 - - [07/Dec/2020:21:46:17 +0800] "GET /nacos/v1/cs/health HTTP/1.1" 200 2 7 Apache-HttpAsyncClient/4.1.3 (Java/1.8.0_231)
169.254.106.104 - - [07/Dec/2020:21:46:22 +0800] "GET /nacos/v1/cs/health HTTP/1.1" 200 2 3 Apache-HttpAsyncClient/4.1.3 (Java/1.8.0_231)
169.254.106.104 - - [07/Dec/2020:21:46:27 +0800] "GET /nacos/v1/cs/health HTTP/1.1" 200 2 2 Apache-HttpAsyncClient/4.1.3 (Java/1.8.0_231)
169.254.106.104 - - [07/Dec/2020:21:46:32 +0800] "GET /nacos/v1/cs/health HTTP/1.1" 200 2 5 Apache-HttpAsyncClient/4.1.3 (Java/1.8.0_231)
169.254.106.104 - - [07/Dec/2020:21:46:37 +0800] "GET /nacos/v1/cs/health HTTP/1.1" 200 2 2 Apache-HttpAsyncClient/4.1.3 (Java/1.8.0_231)
169.254.106.104 - - [07/Dec/2020:21:46:42 +0800] "GET /nacos/v1/cs/health HTTP/1.1" 200 2 1 Apache-HttpAsyncClient/4.1.3 (Java/1.8.0_231)
169.254.106.104 - - [07/Dec/2020:21:46:47 +0800] "GET /nacos/v1/cs/health HTTP/1.1" 200 2 6 Apache-HttpAsyncClient/4.1.3 (Java/1.8.0_231)
169.254.106.104 - - [07/Dec/2020:21:46:52 +0800] "GET /nacos/v1/cs/health HTTP/1.1" 200 2 2 Apache-HttpAsyncClient/4.1.3 (Java/1.8.0_231)
169.254.106.104 - - [07/Dec/2020:21:46:57 +0800] "GET /nacos/v1/cs/health HTTP/1.1" 200 2 2 Apache-HttpAsyncClient/4.1.3 (Java/1.8.0_231)
169.254.106.104 - - [07/Dec/2020:21:47:02 +0800] "GET /nacos/v1/cs/health HTTP/1.1" 200 2 2 Apache-HttpAsyncClient/4.1.3 (Java/1.8.0_231)
169.254.106.104 - - [07/Dec/2020:21:47:07 +0800] "GET /nacos/v1/cs/health HTTP/1.1" 200 2 4 Apache-HttpAsyncClient/4.1.3 (Java/1.8.0_231)
169.254.106.104 - - [07/Dec/2020:21:47:13 +0800] "GET /nacos/v1/cs/health HTTP/1.1" 200 2 4 Apache-HttpAsyncClient/4.1.3 (Java/1.8.0_231)
169.254.106.104 - - [07/Dec/2020:21:47:18 +0800] "GET /nacos/v1/cs/health HTTP/1.1" 200 2 2 Apache-HttpAsyncClient/4.1.3 (Java/1.8.0_231)
169.254.106.104 - - [07/Dec/2020:21:47:23 +0800] "GET /nacos/v1/cs/health HTTP/1.1" 200 2 7 Apache-HttpAsyncClient/4.1.3 (Java/1.8.0_231)
169.254.106.104 - - [07/Dec/2020:21:47:28 +0800] "GET /nacos/v1/cs/health HTTP/1.1" 200 2 6 Apache-HttpAsyncClient/4.1.3 (Java/1.8.0_231)
169.254.106.104 - - [07/Dec/2020:21:47:33 +0800] "GET /nacos/v1/cs/health HTTP/1.1" 200 2 4 Apache-HttpAsyncClient/4.1.3 (Java/1.8.0_231)
169.254.106.104 - - [07/Dec/2020:21:47:38 +0800] "GET /nacos/v1/cs/health HTTP/1.1" 200 2 3 Apache-HttpAsyncClient/4.1.3 (Java/1.8.0_231)
169.254.106.104 - - [07/Dec/2020:21:47:43 +0800] "GET /nacos/v1/cs/health HTTP/1.1" 200 2 4 Apache-HttpAsyncClient/4.1.3 (Java/1.8.0_231)
169.254.106.104 - - [07/Dec/2020:21:47:48 +0800] "GET /nacos/v1/cs/health HTTP/1.1" 200 2 4 Apache-HttpAsyncClient/4.1.3 (Java/1.8.0_231)
169.254.106.104 - - [07/Dec/2020:21:47:53 +0800] "GET /nacos/v1/cs/health HTTP/1.1" 200 2 2 Apache-HttpAsyncClient/4.1.3 (Java/1.8.0_231)
169.254.106.104 - - [07/Dec/2020:21:47:58 +0800] "GET /nacos/v1/cs/health HTTP/1.1" 200 2 1 Apache-HttpAsyncClient/4.1.3 (Java/1.8.0_231)
169.254.106.104 - - [07/Dec/2020:21:48:03 +0800] "GET /nacos/v1/cs/health HTTP/1.1" 200 2 2 Apache-HttpAsyncClient/4.1.3 (Java/1.8.0_231)
127.0.0.1 - - [07/Dec/2020:21:48:07 +0800] "GET /nacos/v1/cs/configs?dataId=gulimall-coupon&group=dev&namespaceId=e4d7b804-52de-4b5f-bf7d-95ca4b85f3d1&tenant=e4d7b804-52de-4b5f-bf7d-95ca4b85f3d1&beta=true HTTP/1.1" 200 60 6 Mozilla/5.0 (Windows NT 10.0; Win64; x64) AppleWebKit/537.36 (KHTML, like Gecko) Chrome/87.0.4280.88 Safari/537.36
127.0.0.1 - - [07/Dec/2020:21:48:07 +0800] "GET /nacos/v1/cs/configs?dataId=gulimall-coupon&group=dev&namespaceId=e4d7b804-52de-4b5f-bf7d-95ca4b85f3d1&tenant=e4d7b804-52de-4b5f-bf7d-95ca4b85f3d1&show=all HTTP/1.1" 200 381 14 Mozilla/5.0 (Windows NT 10.0; Win64; x64) AppleWebKit/537.36 (KHTML, like Gecko) Chrome/87.0.4280.88 Safari/537.36
169.254.106.104 - - [07/Dec/2020:21:48:08 +0800] "GET /nacos/v1/cs/health HTTP/1.1" 200 2 1 Apache-HttpAsyncClient/4.1.3 (Java/1.8.0_231)
169.254.106.104 - - [07/Dec/2020:21:48:13 +0800] "GET /nacos/v1/cs/health HTTP/1.1" 200 2 2 Apache-HttpAsyncClient/4.1.3 (Java/1.8.0_231)
127.0.0.1 - - [07/Dec/2020:21:48:13 +0800] "GET /nacos/console-fe/public/js/vs/language/html/htmlMode.js HTTP/1.1" 200 19310 6 Mozilla/5.0 (Windows NT 10.0; Win64; x64) AppleWebKit/537.36 (KHTML, like Gecko) Chrome/87.0.4280.88 Safari/537.36
127.0.0.1 - - [07/Dec/2020:21:48:13 +0800] "GET /nacos/console-fe/public/js/vs/basic-languages/src/html.js HTTP/1.1" 200 4800 4 Mozilla/5.0 (Windows NT 10.0; Win64; x64) AppleWebKit/537.36 (KHTML, like Gecko) Chrome/87.0.4280.88 Safari/537.36
127.0.0.1 - - [07/Dec/2020:21:48:13 +0800] "GET /nacos/console-fe/public/js/vs/language/html/htmlWorker.js HTTP/1.1" 200 113392 4 Mozilla/5.0 (Windows NT 10.0; Win64; x64) AppleWebKit/537.36 (KHTML, like Gecko) Chrome/87.0.4280.88 Safari/537.36
169.254.106.104 - - [07/Dec/2020:21:48:18 +0800] "GET /nacos/v1/cs/health HTTP/1.1" 200 2 2 Apache-HttpAsyncClient/4.1.3 (Java/1.8.0_231)
169.254.106.104 - - [07/Dec/2020:21:48:23 +0800] "GET /nacos/v1/cs/health HTTP/1.1" 200 2 2 Apache-HttpAsyncClient/4.1.3 (Java/1.8.0_231)
169.254.106.104 - - [07/Dec/2020:21:48:28 +0800] "GET /nacos/v1/cs/health HTTP/1.1" 200 2 4 Apache-HttpAsyncClient/4.1.3 (Java/1.8.0_231)
169.254.106.104 - - [07/Dec/2020:21:48:33 +0800] "GET /nacos/v1/cs/health HTTP/1.1" 200 2 6 Apache-HttpAsyncClient/4.1.3 (Java/1.8.0_231)
169.254.106.104 - - [07/Dec/2020:21:48:38 +0800] "GET /nacos/v1/cs/health HTTP/1.1" 200 2 4 Apache-HttpAsyncClient/4.1.3 (Java/1.8.0_231)
169.254.106.104 - - [07/Dec/2020:21:48:43 +0800] "GET /nacos/v1/cs/health HTTP/1.1" 200 2 5 Apache-HttpAsyncClient/4.1.3 (Java/1.8.0_231)
169.254.106.104 - - [07/Dec/2020:21:48:48 +0800] "GET /nacos/v1/cs/health HTTP/1.1" 200 2 2 Apache-HttpAsyncClient/4.1.3 (Java/1.8.0_231)
169.254.106.104 - - [07/Dec/2020:21:48:53 +0800] "GET /nacos/v1/cs/health HTTP/1.1" 200 2 2 Apache-HttpAsyncClient/4.1.3 (Java/1.8.0_231)
127.0.0.1 - - [07/Dec/2020:21:48:55 +0800] "GET /nacos/v1/cs/configs?search=accurate&dataId=&group=&appName=&config_tags=&pageNo=1&pageSize=10&tenant=e4d7b804-52de-4b5f-bf7d-95ca4b85f3d1&namespaceId=e4d7b804-52de-4b5f-bf7d-95ca4b85f3d1 HTTP/1.1" 200 389 9 Mozilla/5.0 (Windows NT 10.0; Win64; x64) AppleWebKit/537.36 (KHTML, like Gecko) Chrome/87.0.4280.88 Safari/537.36
127.0.0.1 - - [07/Dec/2020:21:48:55 +0800] "GET /nacos/v1/cs/configs?search=accurate&dataId=&group=&appName=&config_tags=&pageNo=1&pageSize=10&tenant=e4d7b804-52de-4b5f-bf7d-95ca4b85f3d1&namespaceId=e4d7b804-52de-4b5f-bf7d-95ca4b85f3d1 HTTP/1.1" 200 389 8 Mozilla/5.0 (Windows NT 10.0; Win64; x64) AppleWebKit/537.36 (KHTML, like Gecko) Chrome/87.0.4280.88 Safari/537.36
127.0.0.1 - - [07/Dec/2020:21:48:55 +0800] "GET /nacos/v1/cs/configs?search=accurate&dataId=&group=&appName=&config_tags=&pageNo=1&pageSize=10&tenant=e4d7b804-52de-4b5f-bf7d-95ca4b85f3d1&namespaceId=e4d7b804-52de-4b5f-bf7d-95ca4b85f3d1 HTTP/1.1" 200 389 9 Mozilla/5.0 (Windows NT 10.0; Win64; x64) AppleWebKit/537.36 (KHTML, like Gecko) Chrome/87.0.4280.88 Safari/537.36
127.0.0.1 - - [07/Dec/2020:21:48:55 +0800] "GET /nacos/v1/cs/configs?search=accurate&dataId=&group=&appName=&config_tags=&pageNo=1&pageSize=10&tenant=e4d7b804-52de-4b5f-bf7d-95ca4b85f3d1&namespaceId=e4d7b804-52de-4b5f-bf7d-95ca4b85f3d1 HTTP/1.1" 200 389 6 Mozilla/5.0 (Windows NT 10.0; Win64; x64) AppleWebKit/537.36 (KHTML, like Gecko) Chrome/87.0.4280.88 Safari/537.36
127.0.0.1 - - [07/Dec/2020:21:48:55 +0800] "GET /nacos/v1/cs/configs?search=accurate&dataId=&group=&appName=&config_tags=&pageNo=1&pageSize=10&tenant=e4d7b804-52de-4b5f-bf7d-95ca4b85f3d1&namespaceId=e4d7b804-52de-4b5f-bf7d-95ca4b85f3d1 HTTP/1.1" 200 389 6 Mozilla/5.0 (Windows NT 10.0; Win64; x64) AppleWebKit/537.36 (KHTML, like Gecko) Chrome/87.0.4280.88 Safari/537.36
127.0.0.1 - - [07/Dec/2020:21:48:55 +0800] "GET /nacos/v1/cs/configs?search=accurate&dataId=&group=&appName=&config_tags=&pageNo=1&pageSize=10&tenant=e4d7b804-52de-4b5f-bf7d-95ca4b85f3d1&namespaceId=e4d7b804-52de-4b5f-bf7d-95ca4b85f3d1 HTTP/1.1" 200 389 7 Mozilla/5.0 (Windows NT 10.0; Win64; x64) AppleWebKit/537.36 (KHTML, like Gecko) Chrome/87.0.4280.88 Safari/537.36
127.0.0.1 - - [07/Dec/2020:21:48:55 +0800] "GET /nacos/v1/cs/configs?search=accurate&dataId=&group=&appName=&config_tags=&pageNo=1&pageSize=10&tenant=e4d7b804-52de-4b5f-bf7d-95ca4b85f3d1&namespaceId=e4d7b804-52de-4b5f-bf7d-95ca4b85f3d1 HTTP/1.1" 200 389 9 Mozilla/5.0 (Windows NT 10.0; Win64; x64) AppleWebKit/537.36 (KHTML, like Gecko) Chrome/87.0.4280.88 Safari/537.36
127.0.0.1 - - [07/Dec/2020:21:48:55 +0800] "GET /nacos/v1/cs/configs?search=accurate&dataId=&group=&appName=&config_tags=&pageNo=1&pageSize=10&tenant=e4d7b804-52de-4b5f-bf7d-95ca4b85f3d1&namespaceId=e4d7b804-52de-4b5f-bf7d-95ca4b85f3d1 HTTP/1.1" 200 389 6 Mozilla/5.0 (Windows NT 10.0; Win64; x64) AppleWebKit/537.36 (KHTML, like Gecko) Chrome/87.0.4280.88 Safari/537.36
127.0.0.1 - - [07/Dec/2020:21:48:55 +0800] "GET /nacos/v1/cs/configs?search=accurate&dataId=&group=&appName=&config_tags=&pageNo=1&pageSize=10&tenant=e4d7b804-52de-4b5f-bf7d-95ca4b85f3d1&namespaceId=e4d7b804-52de-4b5f-bf7d-95ca4b85f3d1 HTTP/1.1" 200 389 7 Mozilla/5.0 (Windows NT 10.0; Win64; x64) AppleWebKit/537.36 (KHTML, like Gecko) Chrome/87.0.4280.88 Safari/537.36
169.254.106.104 - - [07/Dec/2020:21:48:58 +0800] "GET /nacos/v1/cs/health HTTP/1.1" 200 2 4 Apache-HttpAsyncClient/4.1.3 (Java/1.8.0_231)
169.254.106.104 - - [07/Dec/2020:21:49:03 +0800] "GET /nacos/v1/cs/health HTTP/1.1" 200 2 5 Apache-HttpAsyncClient/4.1.3 (Java/1.8.0_231)
127.0.0.1 - - [07/Dec/2020:21:49:03 +0800] "POST /nacos/v1/cs/configs HTTP/1.1" 200 14 91 Mozilla/5.0 (Windows NT 10.0; Win64; x64) AppleWebKit/537.36 (KHTML, like Gecko) Chrome/87.0.4280.88 Safari/537.36
169.254.106.104 - - [07/Dec/2020:21:49:03 +0800] "GET /nacos/v1/cs/communication/dataChange?dataId=gulimall-coupon&group=dev&tenant=e4d7b804-52de-4b5f-bf7d-95ca4b85f3d1 HTTP/1.1" 200 14 2 Apache-HttpAsyncClient/4.1.3 (Java/1.8.0_231)
127.0.0.1 - - [07/Dec/2020:21:49:03 +0800] "GET /nacos/v1/cs/configs?dataId=gulimall-coupon&group=dev&namespaceId=e4d7b804-52de-4b5f-bf7d-95ca4b85f3d1&tenant=e4d7b804-52de-4b5f-bf7d-95ca4b85f3d1&show=all HTTP/1.1" 200 404 8 Mozilla/5.0 (Windows NT 10.0; Win64; x64) AppleWebKit/537.36 (KHTML, like Gecko) Chrome/87.0.4280.88 Safari/537.36
169.254.106.104 - - [07/Dec/2020:21:49:08 +0800] "GET /nacos/v1/cs/health HTTP/1.1" 200 2 4 Apache-HttpAsyncClient/4.1.3 (Java/1.8.0_231)
169.254.106.104 - - [07/Dec/2020:21:49:13 +0800] "GET /nacos/v1/cs/health HTTP/1.1" 200 2 2 Apache-HttpAsyncClient/4.1.3 (Java/1.8.0_231)
169.254.106.104 - - [07/Dec/2020:21:49:18 +0800] "GET /nacos/v1/cs/health HTTP/1.1" 200 2 2 Apache-HttpAsyncClient/4.1.3 (Java/1.8.0_231)
127.0.0.1 - - [07/Dec/2020:21:49:20 +0800] "GET /nacos/v1/cs/configs?dataId=gulimall-coupon&group=dev&tenant=e4d7b804-52de-4b5f-bf7d-95ca4b85f3d1 HTTP/1.1" 200 34 284 Java/1.8.0_231
127.0.0.1 - - [07/Dec/2020:21:49:20 +0800] "GET /nacos/v1/cs/configs?dataId=gulimall-coupon.properties&group=dev&tenant=e4d7b804-52de-4b5f-bf7d-95ca4b85f3d1 HTTP/1.1" 404 23 3 Java/1.8.0_231
169.254.106.104 - - [07/Dec/2020:21:49:23 +0800] "GET /nacos/v1/cs/health HTTP/1.1" 200 2 3 Apache-HttpAsyncClient/4.1.3 (Java/1.8.0_231)
127.0.0.1 - - [07/Dec/2020:21:49:28 +0800] "POST /nacos/v1/ns/instance?app=unknown&metadata=%7B%22preserved.register.source%22%3A%22SPRING_CLOUD%22%7D&ip=169.254.106.104&weight=1.0&ephemeral=true&serviceName=DEFAULT_GROUP%40%40gulimall-coupon&encoding=UTF-8&groupName=DEFAULT_GROUP&namespaceId=public&port=7000&enable=true&healthy=true&clusterName=DEFAULT HTTP/1.1" 200 2 61 Nacos-Java-Client:v1.1.4
169.254.106.104 - - [07/Dec/2020:21:49:28 +0800] "GET /nacos/v1/cs/health HTTP/1.1" 200 2 2 Apache-HttpAsyncClient/4.1.3 (Java/1.8.0_231)
127.0.0.1 - - [07/Dec/2020:21:49:29 +0800] "POST /nacos/v1/cs/configs/listener HTTP/1.1" 200 - 4 Java/1.8.0_231
127.0.0.1 - - [07/Dec/2020:21:49:32 +0800] "PUT /nacos/v1/ns/instance/beat?beat=%7B%22cluster%22%3A%22DEFAULT%22%2C%22ip%22%3A%22169.254.106.104%22%2C%22metadata%22%3A%7B%22preserved.register.source%22%3A%22SPRING_CLOUD%22%7D%2C%22period%22%3A5000%2C%22port%22%3A7000%2C%22scheduled%22%3Afalse%2C%22serviceName%22%3A%22DEFAULT_GROUP%40%40gulimall-coupon%22%2C%22stopped%22%3Afalse%2C%22weight%22%3A1.0%7D&app=unknown&serviceName=DEFAULT_GROUP%40%40gulimall-coupon&encoding=UTF-8&namespaceId=public HTTP/1.1" 200 38 15 Nacos-Java-Client:v1.1.4
169.254.106.104 - - [07/Dec/2020:21:49:33 +0800] "GET /nacos/v1/cs/health HTTP/1.1" 200 2 4 Apache-HttpAsyncClient/4.1.3 (Java/1.8.0_231)
127.0.0.1 - - [07/Dec/2020:21:49:37 +0800] "PUT /nacos/v1/ns/instance/beat?beat=%7B%22cluster%22%3A%22DEFAULT%22%2C%22ip%22%3A%22169.254.106.104%22%2C%22metadata%22%3A%7B%22preserved.register.source%22%3A%22SPRING_CLOUD%22%7D%2C%22period%22%3A5000%2C%22port%22%3A7000%2C%22scheduled%22%3Afalse%2C%22serviceName%22%3A%22DEFAULT_GROUP%40%40gulimall-coupon%22%2C%22stopped%22%3Afalse%2C%22weight%22%3A1.0%7D&app=unknown&serviceName=DEFAULT_GROUP%40%40gulimall-coupon&encoding=UTF-8&namespaceId=public HTTP/1.1" 200 38 7 Nacos-Java-Client:v1.1.4
169.254.106.104 - - [07/Dec/2020:21:49:38 +0800] "GET /nacos/v1/cs/health HTTP/1.1" 200 2 1 Apache-HttpAsyncClient/4.1.3 (Java/1.8.0_231)
127.0.0.1 - - [07/Dec/2020:21:49:42 +0800] "PUT /nacos/v1/ns/instance/beat?beat=%7B%22cluster%22%3A%22DEFAULT%22%2C%22ip%22%3A%22169.254.106.104%22%2C%22metadata%22%3A%7B%22preserved.register.source%22%3A%22SPRING_CLOUD%22%7D%2C%22period%22%3A5000%2C%22port%22%3A7000%2C%22scheduled%22%3Afalse%2C%22serviceName%22%3A%22DEFAULT_GROUP%40%40gulimall-coupon%22%2C%22stopped%22%3Afalse%2C%22weight%22%3A1.0%7D&app=unknown&serviceName=DEFAULT_GROUP%40%40gulimall-coupon&encoding=UTF-8&namespaceId=public HTTP/1.1" 200 38 4 Nacos-Java-Client:v1.1.4
169.254.106.104 - - [07/Dec/2020:21:49:43 +0800] "GET /nacos/v1/cs/health HTTP/1.1" 200 2 2 Apache-HttpAsyncClient/4.1.3 (Java/1.8.0_231)
127.0.0.1 - - [07/Dec/2020:21:49:48 +0800] "PUT /nacos/v1/ns/instance/beat?beat=%7B%22cluster%22%3A%22DEFAULT%22%2C%22ip%22%3A%22169.254.106.104%22%2C%22metadata%22%3A%7B%22preserved.register.source%22%3A%22SPRING_CLOUD%22%7D%2C%22period%22%3A5000%2C%22port%22%3A7000%2C%22scheduled%22%3Afalse%2C%22serviceName%22%3A%22DEFAULT_GROUP%40%40gulimall-coupon%22%2C%22stopped%22%3Afalse%2C%22weight%22%3A1.0%7D&app=unknown&serviceName=DEFAULT_GROUP%40%40gulimall-coupon&encoding=UTF-8&namespaceId=public HTTP/1.1" 200 38 2 Nacos-Java-Client:v1.1.4
169.254.106.104 - - [07/Dec/2020:21:49:48 +0800] "GET /nacos/v1/cs/health HTTP/1.1" 200 2 2 Apache-HttpAsyncClient/4.1.3 (Java/1.8.0_231)
127.0.0.1 - - [07/Dec/2020:21:49:53 +0800] "PUT /nacos/v1/ns/instance/beat?beat=%7B%22cluster%22%3A%22DEFAULT%22%2C%22ip%22%3A%22169.254.106.104%22%2C%22metadata%22%3A%7B%22preserved.register.source%22%3A%22SPRING_CLOUD%22%7D%2C%22period%22%3A5000%2C%22port%22%3A7000%2C%22scheduled%22%3Afalse%2C%22serviceName%22%3A%22DEFAULT_GROUP%40%40gulimall-coupon%22%2C%22stopped%22%3Afalse%2C%22weight%22%3A1.0%7D&app=unknown&serviceName=DEFAULT_GROUP%40%40gulimall-coupon&encoding=UTF-8&namespaceId=public HTTP/1.1" 200 38 3 Nacos-Java-Client:v1.1.4
169.254.106.104 - - [07/Dec/2020:21:49:53 +0800] "GET /nacos/v1/cs/health HTTP/1.1" 200 2 2 Apache-HttpAsyncClient/4.1.3 (Java/1.8.0_231)
127.0.0.1 - - [07/Dec/2020:21:49:58 +0800] "PUT /nacos/v1/ns/instance/beat?beat=%7B%22cluster%22%3A%22DEFAULT%22%2C%22ip%22%3A%22169.254.106.104%22%2C%22metadata%22%3A%7B%22preserved.register.source%22%3A%22SPRING_CLOUD%22%7D%2C%22period%22%3A5000%2C%22port%22%3A7000%2C%22scheduled%22%3Afalse%2C%22serviceName%22%3A%22DEFAULT_GROUP%40%40gulimall-coupon%22%2C%22stopped%22%3Afalse%2C%22weight%22%3A1.0%7D&app=unknown&serviceName=DEFAULT_GROUP%40%40gulimall-coupon&encoding=UTF-8&namespaceId=public HTTP/1.1" 200 38 2 Nacos-Java-Client:v1.1.4
169.254.106.104 - - [07/Dec/2020:21:49:58 +0800] "GET /nacos/v1/cs/health HTTP/1.1" 200 2 2 Apache-HttpAsyncClient/4.1.3 (Java/1.8.0_231)
127.0.0.1 - - [07/Dec/2020:21:49:59 +0800] "POST /nacos/v1/cs/configs/listener HTTP/1.1" 200 - 29508 Java/1.8.0_231
127.0.0.1 - - [07/Dec/2020:21:50:03 +0800] "PUT /nacos/v1/ns/instance/beat?beat=%7B%22cluster%22%3A%22DEFAULT%22%2C%22ip%22%3A%22169.254.106.104%22%2C%22metadata%22%3A%7B%22preserved.register.source%22%3A%22SPRING_CLOUD%22%7D%2C%22period%22%3A5000%2C%22port%22%3A7000%2C%22scheduled%22%3Afalse%2C%22serviceName%22%3A%22DEFAULT_GROUP%40%40gulimall-coupon%22%2C%22stopped%22%3Afalse%2C%22weight%22%3A1.0%7D&app=unknown&serviceName=DEFAULT_GROUP%40%40gulimall-coupon&encoding=UTF-8&namespaceId=public HTTP/1.1" 200 38 2 Nacos-Java-Client:v1.1.4
169.254.106.104 - - [07/Dec/2020:21:50:03 +0800] "GET /nacos/v1/cs/health HTTP/1.1" 200 2 3 Apache-HttpAsyncClient/4.1.3 (Java/1.8.0_231)
127.0.0.1 - - [07/Dec/2020:21:50:08 +0800] "PUT /nacos/v1/ns/instance/beat?beat=%7B%22cluster%22%3A%22DEFAULT%22%2C%22ip%22%3A%22169.254.106.104%22%2C%22metadata%22%3A%7B%22preserved.register.source%22%3A%22SPRING_CLOUD%22%7D%2C%22period%22%3A5000%2C%22port%22%3A7000%2C%22scheduled%22%3Afalse%2C%22serviceName%22%3A%22DEFAULT_GROUP%40%40gulimall-coupon%22%2C%22stopped%22%3Afalse%2C%22weight%22%3A1.0%7D&app=unknown&serviceName=DEFAULT_GROUP%40%40gulimall-coupon&encoding=UTF-8&namespaceId=public HTTP/1.1" 200 38 2 Nacos-Java-Client:v1.1.4
169.254.106.104 - - [07/Dec/2020:21:50:08 +0800] "GET /nacos/v1/cs/health HTTP/1.1" 200 2 1 Apache-HttpAsyncClient/4.1.3 (Java/1.8.0_231)
127.0.0.1 - - [07/Dec/2020:21:50:13 +0800] "PUT /nacos/v1/ns/instance/beat?beat=%7B%22cluster%22%3A%22DEFAULT%22%2C%22ip%22%3A%22169.254.106.104%22%2C%22metadata%22%3A%7B%22preserved.register.source%22%3A%22SPRING_CLOUD%22%7D%2C%22period%22%3A5000%2C%22port%22%3A7000%2C%22scheduled%22%3Afalse%2C%22serviceName%22%3A%22DEFAULT_GROUP%40%40gulimall-coupon%22%2C%22stopped%22%3Afalse%2C%22weight%22%3A1.0%7D&app=unknown&serviceName=DEFAULT_GROUP%40%40gulimall-coupon&encoding=UTF-8&namespaceId=public HTTP/1.1" 200 38 6 Nacos-Java-Client:v1.1.4
169.254.106.104 - - [07/Dec/2020:21:50:13 +0800] "GET /nacos/v1/cs/health HTTP/1.1" 200 2 2 Apache-HttpAsyncClient/4.1.3 (Java/1.8.0_231)
127.0.0.1 - - [07/Dec/2020:21:50:18 +0800] "PUT /nacos/v1/ns/instance/beat?beat=%7B%22cluster%22%3A%22DEFAULT%22%2C%22ip%22%3A%22169.254.106.104%22%2C%22metadata%22%3A%7B%22preserved.register.source%22%3A%22SPRING_CLOUD%22%7D%2C%22period%22%3A5000%2C%22port%22%3A7000%2C%22scheduled%22%3Afalse%2C%22serviceName%22%3A%22DEFAULT_GROUP%40%40gulimall-coupon%22%2C%22stopped%22%3Afalse%2C%22weight%22%3A1.0%7D&app=unknown&serviceName=DEFAULT_GROUP%40%40gulimall-coupon&encoding=UTF-8&namespaceId=public HTTP/1.1" 200 38 3 Nacos-Java-Client:v1.1.4
169.254.106.104 - - [07/Dec/2020:21:50:18 +0800] "GET /nacos/v1/cs/health HTTP/1.1" 200 2 2 Apache-HttpAsyncClient/4.1.3 (Java/1.8.0_231)
127.0.0.1 - - [07/Dec/2020:21:50:23 +0800] "PUT /nacos/v1/ns/instance/beat?beat=%7B%22cluster%22%3A%22DEFAULT%22%2C%22ip%22%3A%22169.254.106.104%22%2C%22metadata%22%3A%7B%22preserved.register.source%22%3A%22SPRING_CLOUD%22%7D%2C%22period%22%3A5000%2C%22port%22%3A7000%2C%22scheduled%22%3Afalse%2C%22serviceName%22%3A%22DEFAULT_GROUP%40%40gulimall-coupon%22%2C%22stopped%22%3Afalse%2C%22weight%22%3A1.0%7D&app=unknown&serviceName=DEFAULT_GROUP%40%40gulimall-coupon&encoding=UTF-8&namespaceId=public HTTP/1.1" 200 38 2 Nacos-Java-Client:v1.1.4
169.254.106.104 - - [07/Dec/2020:21:50:23 +0800] "GET /nacos/v1/cs/health HTTP/1.1" 200 2 2 Apache-HttpAsyncClient/4.1.3 (Java/1.8.0_231)
127.0.0.1 - - [07/Dec/2020:21:50:28 +0800] "PUT /nacos/v1/ns/instance/beat?beat=%7B%22cluster%22%3A%22DEFAULT%22%2C%22ip%22%3A%22169.254.106.104%22%2C%22metadata%22%3A%7B%22preserved.register.source%22%3A%22SPRING_CLOUD%22%7D%2C%22period%22%3A5000%2C%22port%22%3A7000%2C%22scheduled%22%3Afalse%2C%22serviceName%22%3A%22DEFAULT_GROUP%40%40gulimall-coupon%22%2C%22stopped%22%3Afalse%2C%22weight%22%3A1.0%7D&app=unknown&serviceName=DEFAULT_GROUP%40%40gulimall-coupon&encoding=UTF-8&namespaceId=public HTTP/1.1" 200 38 5 Nacos-Java-Client:v1.1.4
169.254.106.104 - - [07/Dec/2020:21:50:28 +0800] "GET /nacos/v1/cs/health HTTP/1.1" 200 2 4 Apache-HttpAsyncClient/4.1.3 (Java/1.8.0_231)
127.0.0.1 - - [07/Dec/2020:21:50:28 +0800] "POST /nacos/v1/cs/configs/listener HTTP/1.1" 200 - 29503 Java/1.8.0_231
127.0.0.1 - - [07/Dec/2020:21:50:30 +0800] "POST /nacos/v1/cs/configs HTTP/1.1" 200 14 28 Mozilla/5.0 (Windows NT 10.0; Win64; x64) AppleWebKit/537.36 (KHTML, like Gecko) Chrome/87.0.4280.88 Safari/537.36
169.254.106.104 - - [07/Dec/2020:21:50:30 +0800] "GET /nacos/v1/cs/communication/dataChange?dataId=gulimall-coupon&group=dev&tenant=e4d7b804-52de-4b5f-bf7d-95ca4b85f3d1 HTTP/1.1" 200 14 3 Apache-HttpAsyncClient/4.1.3 (Java/1.8.0_231)
127.0.0.1 - - [07/Dec/2020:21:50:30 +0800] "GET /nacos/v1/cs/configs?dataId=gulimall-coupon&group=dev&namespaceId=e4d7b804-52de-4b5f-bf7d-95ca4b85f3d1&tenant=e4d7b804-52de-4b5f-bf7d-95ca4b85f3d1&show=all HTTP/1.1" 200 404 7 Mozilla/5.0 (Windows NT 10.0; Win64; x64) AppleWebKit/537.36 (KHTML, like Gecko) Chrome/87.0.4280.88 Safari/537.36
127.0.0.1 - - [07/Dec/2020:21:50:30 +0800] "POST /nacos/v1/cs/configs/listener HTTP/1.1" 200 65 1433 Java/1.8.0_231
127.0.0.1 - - [07/Dec/2020:21:50:30 +0800] "GET /nacos/v1/cs/configs?dataId=gulimall-coupon&group=dev&tenant=e4d7b804-52de-4b5f-bf7d-95ca4b85f3d1 HTTP/1.1" 200 34 5 Java/1.8.0_231
127.0.0.1 - - [07/Dec/2020:21:50:33 +0800] "PUT /nacos/v1/ns/instance/beat?beat=%7B%22cluster%22%3A%22DEFAULT%22%2C%22ip%22%3A%22169.254.106.104%22%2C%22metadata%22%3A%7B%22preserved.register.source%22%3A%22SPRING_CLOUD%22%7D%2C%22period%22%3A5000%2C%22port%22%3A7000%2C%22scheduled%22%3Afalse%2C%22serviceName%22%3A%22DEFAULT_GROUP%40%40gulimall-coupon%22%2C%22stopped%22%3Afalse%2C%22weight%22%3A1.0%7D&app=unknown&serviceName=DEFAULT_GROUP%40%40gulimall-coupon&encoding=UTF-8&namespaceId=public HTTP/1.1" 200 38 4 Nacos-Java-Client:v1.1.4
169.254.106.104 - - [07/Dec/2020:21:50:33 +0800] "GET /nacos/v1/cs/health HTTP/1.1" 200 2 2 Apache-HttpAsyncClient/4.1.3 (Java/1.8.0_231)
127.0.0.1 - - [07/Dec/2020:21:50:33 +0800] "GET /nacos/v1/cs/configs?dataId=gulimall-coupon&group=dev&tenant=e4d7b804-52de-4b5f-bf7d-95ca4b85f3d1 HTTP/1.1" 200 34 2 Java/1.8.0_231
127.0.0.1 - - [07/Dec/2020:21:50:33 +0800] "GET /nacos/v1/cs/configs?dataId=gulimall-coupon.properties&group=dev&tenant=e4d7b804-52de-4b5f-bf7d-95ca4b85f3d1 HTTP/1.1" 404 23 1 Java/1.8.0_231
127.0.0.1 - - [07/Dec/2020:21:50:38 +0800] "PUT /nacos/v1/ns/instance/beat?beat=%7B%22cluster%22%3A%22DEFAULT%22%2C%22ip%22%3A%22169.254.106.104%22%2C%22metadata%22%3A%7B%22preserved.register.source%22%3A%22SPRING_CLOUD%22%7D%2C%22period%22%3A5000%2C%22port%22%3A7000%2C%22scheduled%22%3Afalse%2C%22serviceName%22%3A%22DEFAULT_GROUP%40%40gulimall-coupon%22%2C%22stopped%22%3Afalse%2C%22weight%22%3A1.0%7D&app=unknown&serviceName=DEFAULT_GROUP%40%40gulimall-coupon&encoding=UTF-8&namespaceId=public HTTP/1.1" 200 38 6 Nacos-Java-Client:v1.1.4
169.254.106.104 - - [07/Dec/2020:21:50:38 +0800] "GET /nacos/v1/cs/health HTTP/1.1" 200 2 5 Apache-HttpAsyncClient/4.1.3 (Java/1.8.0_231)
169.254.106.104 - - [07/Dec/2020:21:50:43 +0800] "GET /nacos/v1/cs/health HTTP/1.1" 200 2 1 Apache-HttpAsyncClient/4.1.3 (Java/1.8.0_231)
127.0.0.1 - - [07/Dec/2020:21:50:43 +0800] "PUT /nacos/v1/ns/instance/beat?beat=%7B%22cluster%22%3A%22DEFAULT%22%2C%22ip%22%3A%22169.254.106.104%22%2C%22metadata%22%3A%7B%22preserved.register.source%22%3A%22SPRING_CLOUD%22%7D%2C%22period%22%3A5000%2C%22port%22%3A7000%2C%22scheduled%22%3Afalse%2C%22serviceName%22%3A%22DEFAULT_GROUP%40%40gulimall-coupon%22%2C%22stopped%22%3Afalse%2C%22weight%22%3A1.0%7D&app=unknown&serviceName=DEFAULT_GROUP%40%40gulimall-coupon&encoding=UTF-8&namespaceId=public HTTP/1.1" 200 38 1 Nacos-Java-Client:v1.1.4
169.254.106.104 - - [07/Dec/2020:21:50:48 +0800] "GET /nacos/v1/cs/health HTTP/1.1" 200 2 5 Apache-HttpAsyncClient/4.1.3 (Java/1.8.0_231)
127.0.0.1 - - [07/Dec/2020:21:50:48 +0800] "PUT /nacos/v1/ns/instance/beat?beat=%7B%22cluster%22%3A%22DEFAULT%22%2C%22ip%22%3A%22169.254.106.104%22%2C%22metadata%22%3A%7B%22preserved.register.source%22%3A%22SPRING_CLOUD%22%7D%2C%22period%22%3A5000%2C%22port%22%3A7000%2C%22scheduled%22%3Afalse%2C%22serviceName%22%3A%22DEFAULT_GROUP%40%40gulimall-coupon%22%2C%22stopped%22%3Afalse%2C%22weight%22%3A1.0%7D&app=unknown&serviceName=DEFAULT_GROUP%40%40gulimall-coupon&encoding=UTF-8&namespaceId=public HTTP/1.1" 200 38 4 Nacos-Java-Client:v1.1.4
169.254.106.104 - - [07/Dec/2020:21:50:53 +0800] "GET /nacos/v1/cs/health HTTP/1.1" 200 2 4 Apache-HttpAsyncClient/4.1.3 (Java/1.8.0_231)
127.0.0.1 - - [07/Dec/2020:21:50:53 +0800] "PUT /nacos/v1/ns/instance/beat?beat=%7B%22cluster%22%3A%22DEFAULT%22%2C%22ip%22%3A%22169.254.106.104%22%2C%22metadata%22%3A%7B%22preserved.register.source%22%3A%22SPRING_CLOUD%22%7D%2C%22period%22%3A5000%2C%22port%22%3A7000%2C%22scheduled%22%3Afalse%2C%22serviceName%22%3A%22DEFAULT_GROUP%40%40gulimall-coupon%22%2C%22stopped%22%3Afalse%2C%22weight%22%3A1.0%7D&app=unknown&serviceName=DEFAULT_GROUP%40%40gulimall-coupon&encoding=UTF-8&namespaceId=public HTTP/1.1" 200 38 3 Nacos-Java-Client:v1.1.4
169.254.106.104 - - [07/Dec/2020:21:50:58 +0800] "GET /nacos/v1/cs/health HTTP/1.1" 200 2 4 Apache-HttpAsyncClient/4.1.3 (Java/1.8.0_231)
127.0.0.1 - - [07/Dec/2020:21:50:58 +0800] "PUT /nacos/v1/ns/instance/beat?beat=%7B%22cluster%22%3A%22DEFAULT%22%2C%22ip%22%3A%22169.254.106.104%22%2C%22metadata%22%3A%7B%22preserved.register.source%22%3A%22SPRING_CLOUD%22%7D%2C%22period%22%3A5000%2C%22port%22%3A7000%2C%22scheduled%22%3Afalse%2C%22serviceName%22%3A%22DEFAULT_GROUP%40%40gulimall-coupon%22%2C%22stopped%22%3Afalse%2C%22weight%22%3A1.0%7D&app=unknown&serviceName=DEFAULT_GROUP%40%40gulimall-coupon&encoding=UTF-8&namespaceId=public HTTP/1.1" 200 38 3 Nacos-Java-Client:v1.1.4
127.0.0.1 - - [07/Dec/2020:21:51:02 +0800] "POST /nacos/v1/cs/configs/listener HTTP/1.1" 200 - 29505 Java/1.8.0_231
169.254.106.104 - - [07/Dec/2020:21:51:03 +0800] "GET /nacos/v1/cs/health HTTP/1.1" 200 2 6 Apache-HttpAsyncClient/4.1.3 (Java/1.8.0_231)
127.0.0.1 - - [07/Dec/2020:21:51:03 +0800] "PUT /nacos/v1/ns/instance/beat?beat=%7B%22cluster%22%3A%22DEFAULT%22%2C%22ip%22%3A%22169.254.106.104%22%2C%22metadata%22%3A%7B%22preserved.register.source%22%3A%22SPRING_CLOUD%22%7D%2C%22period%22%3A5000%2C%22port%22%3A7000%2C%22scheduled%22%3Afalse%2C%22serviceName%22%3A%22DEFAULT_GROUP%40%40gulimall-coupon%22%2C%22stopped%22%3Afalse%2C%22weight%22%3A1.0%7D&app=unknown&serviceName=DEFAULT_GROUP%40%40gulimall-coupon&encoding=UTF-8&namespaceId=public HTTP/1.1" 200 38 7 Nacos-Java-Client:v1.1.4
127.0.0.1 - - [07/Dec/2020:21:51:07 +0800] "GET /nacos/v1/cs/configs?search=accurate&dataId=&group=&appName=&config_tags=&pageNo=1&pageSize=10&tenant=e4d7b804-52de-4b5f-bf7d-95ca4b85f3d1&namespaceId=e4d7b804-52de-4b5f-bf7d-95ca4b85f3d1 HTTP/1.1" 200 404 14 Mozilla/5.0 (Windows NT 10.0; Win64; x64) AppleWebKit/537.36 (KHTML, like Gecko) Chrome/87.0.4280.88 Safari/537.36
169.254.106.104 - - [07/Dec/2020:21:51:08 +0800] "GET /nacos/v1/cs/health HTTP/1.1" 200 2 2 Apache-HttpAsyncClient/4.1.3 (Java/1.8.0_231)
127.0.0.1 - - [07/Dec/2020:21:51:08 +0800] "PUT /nacos/v1/ns/instance/beat?beat=%7B%22cluster%22%3A%22DEFAULT%22%2C%22ip%22%3A%22169.254.106.104%22%2C%22metadata%22%3A%7B%22preserved.register.source%22%3A%22SPRING_CLOUD%22%7D%2C%22period%22%3A5000%2C%22port%22%3A7000%2C%22scheduled%22%3Afalse%2C%22serviceName%22%3A%22DEFAULT_GROUP%40%40gulimall-coupon%22%2C%22stopped%22%3Afalse%2C%22weight%22%3A1.0%7D&app=unknown&serviceName=DEFAULT_GROUP%40%40gulimall-coupon&encoding=UTF-8&namespaceId=public HTTP/1.1" 200 38 2 Nacos-Java-Client:v1.1.4
169.254.106.104 - - [07/Dec/2020:21:51:13 +0800] "GET /nacos/v1/cs/health HTTP/1.1" 200 2 3 Apache-HttpAsyncClient/4.1.3 (Java/1.8.0_231)
127.0.0.1 - - [07/Dec/2020:21:51:13 +0800] "PUT /nacos/v1/ns/instance/beat?beat=%7B%22cluster%22%3A%22DEFAULT%22%2C%22ip%22%3A%22169.254.106.104%22%2C%22metadata%22%3A%7B%22preserved.register.source%22%3A%22SPRING_CLOUD%22%7D%2C%22period%22%3A5000%2C%22port%22%3A7000%2C%22scheduled%22%3Afalse%2C%22serviceName%22%3A%22DEFAULT_GROUP%40%40gulimall-coupon%22%2C%22stopped%22%3Afalse%2C%22weight%22%3A1.0%7D&app=unknown&serviceName=DEFAULT_GROUP%40%40gulimall-coupon&encoding=UTF-8&namespaceId=public HTTP/1.1" 200 38 5 Nacos-Java-Client:v1.1.4
169.254.106.104 - - [07/Dec/2020:21:51:18 +0800] "GET /nacos/v1/cs/health HTTP/1.1" 200 2 4 Apache-HttpAsyncClient/4.1.3 (Java/1.8.0_231)
127.0.0.1 - - [07/Dec/2020:21:51:18 +0800] "PUT /nacos/v1/ns/instance/beat?beat=%7B%22cluster%22%3A%22DEFAULT%22%2C%22ip%22%3A%22169.254.106.104%22%2C%22metadata%22%3A%7B%22preserved.register.source%22%3A%22SPRING_CLOUD%22%7D%2C%22period%22%3A5000%2C%22port%22%3A7000%2C%22scheduled%22%3Afalse%2C%22serviceName%22%3A%22DEFAULT_GROUP%40%40gulimall-coupon%22%2C%22stopped%22%3Afalse%2C%22weight%22%3A1.0%7D&app=unknown&serviceName=DEFAULT_GROUP%40%40gulimall-coupon&encoding=UTF-8&namespaceId=public HTTP/1.1" 200 38 1 Nacos-Java-Client:v1.1.4
169.254.106.104 - - [07/Dec/2020:21:51:23 +0800] "GET /nacos/v1/cs/health HTTP/1.1" 200 2 4 Apache-HttpAsyncClient/4.1.3 (Java/1.8.0_231)
127.0.0.1 - - [07/Dec/2020:21:51:23 +0800] "PUT /nacos/v1/ns/instance/beat?beat=%7B%22cluster%22%3A%22DEFAULT%22%2C%22ip%22%3A%22169.254.106.104%22%2C%22metadata%22%3A%7B%22preserved.register.source%22%3A%22SPRING_CLOUD%22%7D%2C%22period%22%3A5000%2C%22port%22%3A7000%2C%22scheduled%22%3Afalse%2C%22serviceName%22%3A%22DEFAULT_GROUP%40%40gulimall-coupon%22%2C%22stopped%22%3Afalse%2C%22weight%22%3A1.0%7D&app=unknown&serviceName=DEFAULT_GROUP%40%40gulimall-coupon&encoding=UTF-8&namespaceId=public HTTP/1.1" 200 38 2 Nacos-Java-Client:v1.1.4
169.254.106.104 - - [07/Dec/2020:21:51:28 +0800] "GET /nacos/v1/cs/health HTTP/1.1" 200 2 4 Apache-HttpAsyncClient/4.1.3 (Java/1.8.0_231)
127.0.0.1 - - [07/Dec/2020:21:51:28 +0800] "PUT /nacos/v1/ns/instance/beat?beat=%7B%22cluster%22%3A%22DEFAULT%22%2C%22ip%22%3A%22169.254.106.104%22%2C%22metadata%22%3A%7B%22preserved.register.source%22%3A%22SPRING_CLOUD%22%7D%2C%22period%22%3A5000%2C%22port%22%3A7000%2C%22scheduled%22%3Afalse%2C%22serviceName%22%3A%22DEFAULT_GROUP%40%40gulimall-coupon%22%2C%22stopped%22%3Afalse%2C%22weight%22%3A1.0%7D&app=unknown&serviceName=DEFAULT_GROUP%40%40gulimall-coupon&encoding=UTF-8&namespaceId=public HTTP/1.1" 200 38 5 Nacos-Java-Client:v1.1.4
127.0.0.1 - - [07/Dec/2020:21:51:32 +0800] "POST /nacos/v1/cs/configs/listener HTTP/1.1" 200 - 29508 Java/1.8.0_231
169.254.106.104 - - [07/Dec/2020:21:51:33 +0800] "GET /nacos/v1/cs/health HTTP/1.1" 200 2 4 Apache-HttpAsyncClient/4.1.3 (Java/1.8.0_231)
127.0.0.1 - - [07/Dec/2020:21:51:33 +0800] "PUT /nacos/v1/ns/instance/beat?beat=%7B%22cluster%22%3A%22DEFAULT%22%2C%22ip%22%3A%22169.254.106.104%22%2C%22metadata%22%3A%7B%22preserved.register.source%22%3A%22SPRING_CLOUD%22%7D%2C%22period%22%3A5000%2C%22port%22%3A7000%2C%22scheduled%22%3Afalse%2C%22serviceName%22%3A%22DEFAULT_GROUP%40%40gulimall-coupon%22%2C%22stopped%22%3Afalse%2C%22weight%22%3A1.0%7D&app=unknown&serviceName=DEFAULT_GROUP%40%40gulimall-coupon&encoding=UTF-8&namespaceId=public HTTP/1.1" 200 38 5 Nacos-Java-Client:v1.1.4
169.254.106.104 - - [07/Dec/2020:21:51:38 +0800] "GET /nacos/v1/cs/health HTTP/1.1" 200 2 1 Apache-HttpAsyncClient/4.1.3 (Java/1.8.0_231)
127.0.0.1 - - [07/Dec/2020:21:51:38 +0800] "PUT /nacos/v1/ns/instance/beat?beat=%7B%22cluster%22%3A%22DEFAULT%22%2C%22ip%22%3A%22169.254.106.104%22%2C%22metadata%22%3A%7B%22preserved.register.source%22%3A%22SPRING_CLOUD%22%7D%2C%22period%22%3A5000%2C%22port%22%3A7000%2C%22scheduled%22%3Afalse%2C%22serviceName%22%3A%22DEFAULT_GROUP%40%40gulimall-coupon%22%2C%22stopped%22%3Afalse%2C%22weight%22%3A1.0%7D&app=unknown&serviceName=DEFAULT_GROUP%40%40gulimall-coupon&encoding=UTF-8&namespaceId=public HTTP/1.1" 200 38 2 Nacos-Java-Client:v1.1.4
169.254.106.104 - - [07/Dec/2020:21:51:43 +0800] "GET /nacos/v1/cs/health HTTP/1.1" 200 2 4 Apache-HttpAsyncClient/4.1.3 (Java/1.8.0_231)
127.0.0.1 - - [07/Dec/2020:21:51:43 +0800] "PUT /nacos/v1/ns/instance/beat?beat=%7B%22cluster%22%3A%22DEFAULT%22%2C%22ip%22%3A%22169.254.106.104%22%2C%22metadata%22%3A%7B%22preserved.register.source%22%3A%22SPRING_CLOUD%22%7D%2C%22period%22%3A5000%2C%22port%22%3A7000%2C%22scheduled%22%3Afalse%2C%22serviceName%22%3A%22DEFAULT_GROUP%40%40gulimall-coupon%22%2C%22stopped%22%3Afalse%2C%22weight%22%3A1.0%7D&app=unknown&serviceName=DEFAULT_GROUP%40%40gulimall-coupon&encoding=UTF-8&namespaceId=public HTTP/1.1" 200 38 2 Nacos-Java-Client:v1.1.4
169.254.106.104 - - [07/Dec/2020:21:51:48 +0800] "GET /nacos/v1/cs/health HTTP/1.1" 200 2 2 Apache-HttpAsyncClient/4.1.3 (Java/1.8.0_231)
127.0.0.1 - - [07/Dec/2020:21:51:48 +0800] "PUT /nacos/v1/ns/instance/beat?beat=%7B%22cluster%22%3A%22DEFAULT%22%2C%22ip%22%3A%22169.254.106.104%22%2C%22metadata%22%3A%7B%22preserved.register.source%22%3A%22SPRING_CLOUD%22%7D%2C%22period%22%3A5000%2C%22port%22%3A7000%2C%22scheduled%22%3Afalse%2C%22serviceName%22%3A%22DEFAULT_GROUP%40%40gulimall-coupon%22%2C%22stopped%22%3Afalse%2C%22weight%22%3A1.0%7D&app=unknown&serviceName=DEFAULT_GROUP%40%40gulimall-coupon&encoding=UTF-8&namespaceId=public HTTP/1.1" 200 38 5 Nacos-Java-Client:v1.1.4
169.254.106.104 - - [07/Dec/2020:21:51:53 +0800] "GET /nacos/v1/cs/health HTTP/1.1" 200 2 2 Apache-HttpAsyncClient/4.1.3 (Java/1.8.0_231)
127.0.0.1 - - [07/Dec/2020:21:51:53 +0800] "PUT /nacos/v1/ns/instance/beat?beat=%7B%22cluster%22%3A%22DEFAULT%22%2C%22ip%22%3A%22169.254.106.104%22%2C%22metadata%22%3A%7B%22preserved.register.source%22%3A%22SPRING_CLOUD%22%7D%2C%22period%22%3A5000%2C%22port%22%3A7000%2C%22scheduled%22%3Afalse%2C%22serviceName%22%3A%22DEFAULT_GROUP%40%40gulimall-coupon%22%2C%22stopped%22%3Afalse%2C%22weight%22%3A1.0%7D&app=unknown&serviceName=DEFAULT_GROUP%40%40gulimall-coupon&encoding=UTF-8&namespaceId=public HTTP/1.1" 200 38 7 Nacos-Java-Client:v1.1.4
169.254.106.104 - - [07/Dec/2020:21:51:58 +0800] "GET /nacos/v1/cs/health HTTP/1.1" 200 2 4 Apache-HttpAsyncClient/4.1.3 (Java/1.8.0_231)
127.0.0.1 - - [07/Dec/2020:21:51:58 +0800] "PUT /nacos/v1/ns/instance/beat?beat=%7B%22cluster%22%3A%22DEFAULT%22%2C%22ip%22%3A%22169.254.106.104%22%2C%22metadata%22%3A%7B%22preserved.register.source%22%3A%22SPRING_CLOUD%22%7D%2C%22period%22%3A5000%2C%22port%22%3A7000%2C%22scheduled%22%3Afalse%2C%22serviceName%22%3A%22DEFAULT_GROUP%40%40gulimall-coupon%22%2C%22stopped%22%3Afalse%2C%22weight%22%3A1.0%7D&app=unknown&serviceName=DEFAULT_GROUP%40%40gulimall-coupon&encoding=UTF-8&namespaceId=public HTTP/1.1" 200 38 4 Nacos-Java-Client:v1.1.4
127.0.0.1 - - [07/Dec/2020:21:51:59 +0800] "GET /nacos/v1/cs/configs?show=all&dataId=gulimall-datasource&group=dev&tenant=e4d7b804-52de-4b5f-bf7d-95ca4b85f3d1&namespaceId=e4d7b804-52de-4b5f-bf7d-95ca4b85f3d1 HTTP/1.1" 200 - 5 Mozilla/5.0 (Windows NT 10.0; Win64; x64) AppleWebKit/537.36 (KHTML, like Gecko) Chrome/87.0.4280.88 Safari/537.36
127.0.0.1 - - [07/Dec/2020:21:51:59 +0800] "POST /nacos/v1/cs/configs HTTP/1.1" 200 14 17 Mozilla/5.0 (Windows NT 10.0; Win64; x64) AppleWebKit/537.36 (KHTML, like Gecko) Chrome/87.0.4280.88 Safari/537.36
169.254.106.104 - - [07/Dec/2020:21:51:59 +0800] "GET /nacos/v1/cs/communication/dataChange?dataId=gulimall-datasource&group=dev&tenant=e4d7b804-52de-4b5f-bf7d-95ca4b85f3d1 HTTP/1.1" 200 14 6 Apache-HttpAsyncClient/4.1.3 (Java/1.8.0_231)
127.0.0.1 - - [07/Dec/2020:21:52:01 +0800] "GET /nacos/v1/cs/configs?search=accurate&dataId=&group=&appName=&config_tags=&pageNo=1&pageSize=10&tenant=e4d7b804-52de-4b5f-bf7d-95ca4b85f3d1&namespaceId=e4d7b804-52de-4b5f-bf7d-95ca4b85f3d1 HTTP/1.1" 200 583 8 Mozilla/5.0 (Windows NT 10.0; Win64; x64) AppleWebKit/537.36 (KHTML, like Gecko) Chrome/87.0.4280.88 Safari/537.36
127.0.0.1 - - [07/Dec/2020:21:52:02 +0800] "POST /nacos/v1/cs/configs/listener HTTP/1.1" 200 - 29505 Java/1.8.0_231
169.254.106.104 - - [07/Dec/2020:21:52:03 +0800] "GET /nacos/v1/cs/health HTTP/1.1" 200 2 3 Apache-HttpAsyncClient/4.1.3 (Java/1.8.0_231)
127.0.0.1 - - [07/Dec/2020:21:52:03 +0800] "PUT /nacos/v1/ns/instance/beat?beat=%7B%22cluster%22%3A%22DEFAULT%22%2C%22ip%22%3A%22169.254.106.104%22%2C%22metadata%22%3A%7B%22preserved.register.source%22%3A%22SPRING_CLOUD%22%7D%2C%22period%22%3A5000%2C%22port%22%3A7000%2C%22scheduled%22%3Afalse%2C%22serviceName%22%3A%22DEFAULT_GROUP%40%40gulimall-coupon%22%2C%22stopped%22%3Afalse%2C%22weight%22%3A1.0%7D&app=unknown&serviceName=DEFAULT_GROUP%40%40gulimall-coupon&encoding=UTF-8&namespaceId=public HTTP/1.1" 200 38 3 Nacos-Java-Client:v1.1.4
169.254.106.104 - - [07/Dec/2020:21:52:08 +0800] "GET /nacos/v1/cs/health HTTP/1.1" 200 2 4 Apache-HttpAsyncClient/4.1.3 (Java/1.8.0_231)
127.0.0.1 - - [07/Dec/2020:21:52:08 +0800] "PUT /nacos/v1/ns/instance/beat?beat=%7B%22cluster%22%3A%22DEFAULT%22%2C%22ip%22%3A%22169.254.106.104%22%2C%22metadata%22%3A%7B%22preserved.register.source%22%3A%22SPRING_CLOUD%22%7D%2C%22period%22%3A5000%2C%22port%22%3A7000%2C%22scheduled%22%3Afalse%2C%22serviceName%22%3A%22DEFAULT_GROUP%40%40gulimall-coupon%22%2C%22stopped%22%3Afalse%2C%22weight%22%3A1.0%7D&app=unknown&serviceName=DEFAULT_GROUP%40%40gulimall-coupon&encoding=UTF-8&namespaceId=public HTTP/1.1" 200 38 2 Nacos-Java-Client:v1.1.4
169.254.106.104 - - [07/Dec/2020:21:52:13 +0800] "GET /nacos/v1/cs/health HTTP/1.1" 200 2 2 Apache-HttpAsyncClient/4.1.3 (Java/1.8.0_231)
127.0.0.1 - - [07/Dec/2020:21:52:13 +0800] "PUT /nacos/v1/ns/instance/beat?beat=%7B%22cluster%22%3A%22DEFAULT%22%2C%22ip%22%3A%22169.254.106.104%22%2C%22metadata%22%3A%7B%22preserved.register.source%22%3A%22SPRING_CLOUD%22%7D%2C%22period%22%3A5000%2C%22port%22%3A7000%2C%22scheduled%22%3Afalse%2C%22serviceName%22%3A%22DEFAULT_GROUP%40%40gulimall-coupon%22%2C%22stopped%22%3Afalse%2C%22weight%22%3A1.0%7D&app=unknown&serviceName=DEFAULT_GROUP%40%40gulimall-coupon&encoding=UTF-8&namespaceId=public HTTP/1.1" 200 38 3 Nacos-Java-Client:v1.1.4
169.254.106.104 - - [07/Dec/2020:21:52:18 +0800] "GET /nacos/v1/cs/health HTTP/1.1" 200 2 4 Apache-HttpAsyncClient/4.1.3 (Java/1.8.0_231)
127.0.0.1 - - [07/Dec/2020:21:52:18 +0800] "PUT /nacos/v1/ns/instance/beat?beat=%7B%22cluster%22%3A%22DEFAULT%22%2C%22ip%22%3A%22169.254.106.104%22%2C%22metadata%22%3A%7B%22preserved.register.source%22%3A%22SPRING_CLOUD%22%7D%2C%22period%22%3A5000%2C%22port%22%3A7000%2C%22scheduled%22%3Afalse%2C%22serviceName%22%3A%22DEFAULT_GROUP%40%40gulimall-coupon%22%2C%22stopped%22%3Afalse%2C%22weight%22%3A1.0%7D&app=unknown&serviceName=DEFAULT_GROUP%40%40gulimall-coupon&encoding=UTF-8&namespaceId=public HTTP/1.1" 200 38 3 Nacos-Java-Client:v1.1.4
169.254.106.104 - - [07/Dec/2020:21:52:23 +0800] "GET /nacos/v1/cs/health HTTP/1.1" 200 2 4 Apache-HttpAsyncClient/4.1.3 (Java/1.8.0_231)
127.0.0.1 - - [07/Dec/2020:21:52:23 +0800] "PUT /nacos/v1/ns/instance/beat?beat=%7B%22cluster%22%3A%22DEFAULT%22%2C%22ip%22%3A%22169.254.106.104%22%2C%22metadata%22%3A%7B%22preserved.register.source%22%3A%22SPRING_CLOUD%22%7D%2C%22period%22%3A5000%2C%22port%22%3A7000%2C%22scheduled%22%3Afalse%2C%22serviceName%22%3A%22DEFAULT_GROUP%40%40gulimall-coupon%22%2C%22stopped%22%3Afalse%2C%22weight%22%3A1.0%7D&app=unknown&serviceName=DEFAULT_GROUP%40%40gulimall-coupon&encoding=UTF-8&namespaceId=public HTTP/1.1" 200 38 3 Nacos-Java-Client:v1.1.4
169.254.106.104 - - [07/Dec/2020:21:52:28 +0800] "GET /nacos/v1/cs/health HTTP/1.1" 200 2 2 Apache-HttpAsyncClient/4.1.3 (Java/1.8.0_231)
127.0.0.1 - - [07/Dec/2020:21:52:28 +0800] "PUT /nacos/v1/ns/instance/beat?beat=%7B%22cluster%22%3A%22DEFAULT%22%2C%22ip%22%3A%22169.254.106.104%22%2C%22metadata%22%3A%7B%22preserved.register.source%22%3A%22SPRING_CLOUD%22%7D%2C%22period%22%3A5000%2C%22port%22%3A7000%2C%22scheduled%22%3Afalse%2C%22serviceName%22%3A%22DEFAULT_GROUP%40%40gulimall-coupon%22%2C%22stopped%22%3Afalse%2C%22weight%22%3A1.0%7D&app=unknown&serviceName=DEFAULT_GROUP%40%40gulimall-coupon&encoding=UTF-8&namespaceId=public HTTP/1.1" 200 38 1 Nacos-Java-Client:v1.1.4
127.0.0.1 - - [07/Dec/2020:21:52:31 +0800] "POST /nacos/v1/cs/configs/listener HTTP/1.1" 200 - 29504 Java/1.8.0_231
169.254.106.104 - - [07/Dec/2020:21:52:33 +0800] "GET /nacos/v1/cs/health HTTP/1.1" 200 2 2 Apache-HttpAsyncClient/4.1.3 (Java/1.8.0_231)
127.0.0.1 - - [07/Dec/2020:21:52:33 +0800] "PUT /nacos/v1/ns/instance/beat?beat=%7B%22cluster%22%3A%22DEFAULT%22%2C%22ip%22%3A%22169.254.106.104%22%2C%22metadata%22%3A%7B%22preserved.register.source%22%3A%22SPRING_CLOUD%22%7D%2C%22period%22%3A5000%2C%22port%22%3A7000%2C%22scheduled%22%3Afalse%2C%22serviceName%22%3A%22DEFAULT_GROUP%40%40gulimall-coupon%22%2C%22stopped%22%3Afalse%2C%22weight%22%3A1.0%7D&app=unknown&serviceName=DEFAULT_GROUP%40%40gulimall-coupon&encoding=UTF-8&namespaceId=public HTTP/1.1" 200 38 7 Nacos-Java-Client:v1.1.4
169.254.106.104 - - [07/Dec/2020:21:52:38 +0800] "GET /nacos/v1/cs/health HTTP/1.1" 200 2 2 Apache-HttpAsyncClient/4.1.3 (Java/1.8.0_231)
127.0.0.1 - - [07/Dec/2020:21:52:38 +0800] "PUT /nacos/v1/ns/instance/beat?beat=%7B%22cluster%22%3A%22DEFAULT%22%2C%22ip%22%3A%22169.254.106.104%22%2C%22metadata%22%3A%7B%22preserved.register.source%22%3A%22SPRING_CLOUD%22%7D%2C%22period%22%3A5000%2C%22port%22%3A7000%2C%22scheduled%22%3Afalse%2C%22serviceName%22%3A%22DEFAULT_GROUP%40%40gulimall-coupon%22%2C%22stopped%22%3Afalse%2C%22weight%22%3A1.0%7D&app=unknown&serviceName=DEFAULT_GROUP%40%40gulimall-coupon&encoding=UTF-8&namespaceId=public HTTP/1.1" 200 38 4 Nacos-Java-Client:v1.1.4
169.254.106.104 - - [07/Dec/2020:21:52:43 +0800] "GET /nacos/v1/cs/health HTTP/1.1" 200 2 2 Apache-HttpAsyncClient/4.1.3 (Java/1.8.0_231)
127.0.0.1 - - [07/Dec/2020:21:52:43 +0800] "PUT /nacos/v1/ns/instance/beat?beat=%7B%22cluster%22%3A%22DEFAULT%22%2C%22ip%22%3A%22169.254.106.104%22%2C%22metadata%22%3A%7B%22preserved.register.source%22%3A%22SPRING_CLOUD%22%7D%2C%22period%22%3A5000%2C%22port%22%3A7000%2C%22scheduled%22%3Afalse%2C%22serviceName%22%3A%22DEFAULT_GROUP%40%40gulimall-coupon%22%2C%22stopped%22%3Afalse%2C%22weight%22%3A1.0%7D&app=unknown&serviceName=DEFAULT_GROUP%40%40gulimall-coupon&encoding=UTF-8&namespaceId=public HTTP/1.1" 200 38 1 Nacos-Java-Client:v1.1.4
169.254.106.104 - - [07/Dec/2020:21:52:48 +0800] "GET /nacos/v1/cs/health HTTP/1.1" 200 2 4 Apache-HttpAsyncClient/4.1.3 (Java/1.8.0_231)
127.0.0.1 - - [07/Dec/2020:21:52:48 +0800] "PUT /nacos/v1/ns/instance/beat?beat=%7B%22cluster%22%3A%22DEFAULT%22%2C%22ip%22%3A%22169.254.106.104%22%2C%22metadata%22%3A%7B%22preserved.register.source%22%3A%22SPRING_CLOUD%22%7D%2C%22period%22%3A5000%2C%22port%22%3A7000%2C%22scheduled%22%3Afalse%2C%22serviceName%22%3A%22DEFAULT_GROUP%40%40gulimall-coupon%22%2C%22stopped%22%3Afalse%2C%22weight%22%3A1.0%7D&app=unknown&serviceName=DEFAULT_GROUP%40%40gulimall-coupon&encoding=UTF-8&namespaceId=public HTTP/1.1" 200 38 5 Nacos-Java-Client:v1.1.4
169.254.106.104 - - [07/Dec/2020:21:52:53 +0800] "GET /nacos/v1/cs/health HTTP/1.1" 200 2 3 Apache-HttpAsyncClient/4.1.3 (Java/1.8.0_231)
